// Jest Snapshot v1, https://goo.gl/fbAQLP

exports[`WithControlledForm render 1`] = `
<WithFormMethodsHOC>
  <Form
    cleanForm={[Function]}
    errors={
      Object {
        "email": Array [],
        "phoneNumber": Array [],
      }
    }
    handleBlur={[Function]}
    handleChange={[Function]}
    handleFocus={[Function]}
    handleSubmit={[Function]}
    isFormClean={[Function]}
    values={
      Object {
        "email": "",
        "phoneNumber": "",
      }
    }
  >
    <form
      onSubmit={[Function]}
    >
      <div
        className="form-element"
      >
        <label
          htmlFor="email"
        >
          Email:
        </label>
        <input
          className="input"
          id="email"
          name="email"
          onBlur={[Function]}
          onChange={[Function]}
          onFocus={[Function]}
          type="text"
          value=""
        />
        <div
          className="error-message"
        />
      </div>
      <div
        className="form-element"
      >
        <label
          htmlFor="phoneNumber"
        >
          Phone number:
        </label>
        <input
          className="input"
          id="phoneNumber"
          name="phoneNumber"
          onBlur={[Function]}
          onChange={[Function]}
          onFocus={[Function]}
          type="tel"
          value=""
        />
        <div
          className="error-message"
        />
      </div>
      <div
        className="text-center"
      >
        <button
          className="button"
          id="send"
          type="submit"
        >
          Send
        </button>
      </div>
    </form>
  </Form>
</WithFormMethodsHOC>
`;
